Script started on Wed Sep 10 03:10:01 2014
[?1034hbash-4.1$ ./config ASST0
Configuration ASST0
Generating files... opt-*.h files.mk defs.mk Makefile autoconf.h autoconf.c
Configuration in ../compile/ASST0 done
Remember to make depend
bash-4.1$ cd../ci[Kompile [K./[K[K/ASST0
bash: cd../compile/ASST0: No such file or directory
bash-4.1$ macd../compile/ASST0[C[C[C[C[C[C[C[C[C[C[4P./config ASST0[C[C[C[C[C[C[C[C[C[Ccd../compile/ASST0 ../compile/ASST0[C[C[C[C[C[C[C[C[C[C[C[C[C
bash-4.1$ make depend
cs161-gcc   -mno-abicalls -fno-pic -Wall -W -Wwrite-strings -g -nostdinc -I../../include -I../../dev -I.  -ffreestanding -D_KERNEL -G 0 -M ../../dev/lamebus/lhd.c ../../dev/lamebus/emu.c ../../dev/generic/random.c ../../dev/generic/rtclock.c ../../dev/generic/pseudorand.c ../../dev/lamebus/ltrace.c ../../dev/lamebus/lamebus.c ../../dev/generic/console.c ../../dev/lamebus/lser.c ../../dev/generic/beep.c ../../dev/lamebus/lrandom.c ../../dev/lamebus/ltimer.c ../../dev/lamebus/rtclock_ltimer.c ../../dev/lamebus/emu_att.c ../../dev/lamebus/random_lrandom.c ../../dev/lamebus/beep_ltimer.c ../../dev/lamebus/ltrace_att.c ../../dev/generic/pseudorand_att.c ../../dev/lamebus/con_lser.c ../../dev/lamebus/lrandom_att.c ../../dev/lamebus/lser_att.c ../../dev/lamebus/lhd_att.c ../../dev/lamebus/ltimer_att.c ../../fs/sfs/sfs_io.c ../../fs/sfs/sfs_fs.c ../../fs/sfs/sfs_vnode.c ../../arch/mips/mips/dumbvm.c ../../arch/mips/mips/cache_mips1.S ../../arch/mips/mips/exception.S ../../arch/mips/mips/lamebus_mips.c ../../arch/mips/mips/interrupt.c ../../arch/mips/mips/pcb.c ../../arch/mips/mips/ram.c ../../arch/mips/mips/spl.c ../../arch/mips/mips/start.S ../../arch/mips/mips/switch.S ../../arch/mips/mips/syscall.c ../../arch/mips/mips/threadstart.S ../../arch/mips/mips/trap.c ../../arch/mips/mips/tlb_mips1.S ../../../lib/libc/mips-setjmp.S ../../lib/copyinout.c ../../lib/array.c ../../lib/bitmap.c ../../lib/queue.c ../../lib/kheap.c ../../lib/kprintf.c ../../lib/kgets.c ../../lib/misc.c ../../lib/ntoh.c ../../../lib/libc/__printf.c ../../../lib/libc/snprintf.c ../../../lib/libc/atoi.c ../../../lib/libc/bzero.c ../../../lib/libc/memcpy.c ../../../lib/libc/memmove.c ../../../lib/libc/strcat.c ../../../lib/libc/strchr.c ../../../lib/libc/strcmp.c ../../../lib/libc/strcpy.c ../../../lib/libc/strlen.c ../../../lib/libc/strrchr.c ../../../lib/libc/strtok_r.c ../../dev/init.c ../../fs/vfs/device.c ../../fs/vfs/vfscwd.c ../../fs/vfs/vfslist.c ../../fs/vfs/vfslookup.c ../../fs/vfs/vfspath.c ../../fs/vfs/vnode.c ../../fs/vfs/devnull.c ../../thread/hardclock.c ../../thread/synch.c ../../thread/scheduler.c ../../thread/thread.c ../../main/hello.c ../../main/main.c ../../main/menu.c ../../userprog/loadelf.c ../../userprog/runprogram.c ../../userprog/uio.c ../../test/arraytest.c ../../test/bitmaptest.c ../../test/queuetest.c ../../test/threadtest.c ../../test/tt3.c ../../test/synchtest.c ../../test/malloctest.c ../../test/fstest.c ../../compile/ASST0/autoconf.c > depend.mk
bash-4.1$ make
cs161-gcc   -mno-abicalls -fno-pic -Wall -W -Wwrite-strings -g -nostdinc -I../../include -I../../dev -I.  -ffreestanding -D_KERNEL -G 0 -c ../../main/hello.c
../../main/hello.c:3: warning: return type defaults to 'int'
../../main/hello.c: In function 'hello':
../../main/hello.c:4: warning: implicit declaration of function 'kprintf'
../../main/hello.c:5: warning: control reaches end of non-void function
cs161-gcc   -mno-abicalls -fno-pic -Wall -W -Wwrite-strings -g -nostdinc -I../../include -I../../dev -I.  -ffreestanding -D_KERNEL -G 0 -c ../../compile/ASST0/autoconf.c
../../conf/newvers.sh ASST0
*** This is ASST0 build #4 ***
cs161-gcc   -mno-abicalls -fno-pic -Wall -W -Wwrite-strings -g -nostdinc -I../../include -I../../dev -I.  -ffreestanding -D_KERNEL -G 0 -c vers.c
cs161-ld   -nostdlib -Ttext 0x80001000 -T ../../arch/mips/conf/ldscript -G 0 lhd.o emu.o random.o rtclock.o pseudorand.o ltrace.o lamebus.o console.o lser.o beep.o lrandom.o ltimer.o rtclock_ltimer.o emu_att.o random_lrandom.o beep_ltimer.o ltrace_att.o pseudorand_att.o con_lser.o lrandom_att.o lser_att.o lhd_att.o ltimer_att.o sfs_io.o sfs_fs.o sfs_vnode.o dumbvm.o cache_mips1.o exception.o lamebus_mips.o interrupt.o pcb.o ram.o spl.o start.o switch.o syscall.o threadstart.o trap.o tlb_mips1.o mips-setjmp.o copyinout.o array.o bitmap.o queue.o kheap.o kprintf.o kgets.o misc.o ntoh.o __printf.o snprintf.o atoi.o bzero.o memcpy.o memmove.o strcat.o strchr.o strcmp.o strcpy.o strlen.o strrchr.o strtok_r.o init.o device.o vfscwd.o vfslist.o vfslookup.o vfspath.o vnode.o devnull.o hardclock.o synch.o scheduler.o thread.o hello.o main.o menu.o loadelf.o runprogram.o uio.o arraytest.o bitmaptest.o queuetest.o threadtest.o tt3.o synchtest.o malloctest.o fstest.o autoconf.o vers.o -o kernel
cs161-size kernel
   text	   data	    bss	    dec	    hex	filename
 160760	    448	   7668	 168876	  293ac	kernel
bash-4.1$ make install
[ -d /home/nkumar9/os161/root ] || mkdir /home/nkumar9/os161/root
cp kernel /home/nkumar9/os161/root/kernel-ASST0
rm -f /home/nkumar9/os161/root/kernel
ln -s kernel-ASST0 /home/nkumar9/os161/root/kernel
bash-4.1$ cd
bash-4.1$ cd os161
bash-4.1$ cd root
bash-4.1$ system161[K[K[K[K[K[K161 kernel
sys161: System/161 release 1.14, compiled Sep  4 2014 10:34:58

OS/161 base system version 1.11
Copyright (c) 2000, 2001, 2002, 2003
   President and Fellows of Harvard College.  All rights reserved.

Put-your-group-name-here's system version 0 (ASST0 #4)


Hello World/t//printed using hello() in hello.c- called from main.c 
//Cpu is MIPS r2000/r3000
336k physical memory available
Device probe...
lamebus0 (system main bus)
emu0 at lamebus0
ltrace0 at lamebus0
ltimer0 at lamebus0
hardclock on ltimer0 (100 hz)
beep0 at ltimer0
rtclock0 at ltimer0
lrandom0 at lamebus0
random0 at lrandom0
lhd0 at lamebus0
lhd1 at lamebus0
lser0 at lamebus0
con0 at lser0
pseudorand0 (virtual)

OS/161 kernel [? for menu]: exit
Shutting down.
The system is halted.
sys161: 470677684 cycles (5142655k, 0u, 465535029i)
sys161: 2533 irqs 0 exns 0r/0w disk 5r/688w console 0r/0w/1m emufs 0r/0w net
sys161: Elapsed real time: 18.790546 seconds (25.0486 mhz)
sys161: Elapsed virtual time: 18.827107360 seconds (25 mhz)
bash-4.1$ exit
exit

Script done on Wed Sep 10 03:12:29 2014
